============================= test session starts =============================
platform win32 -- Python 3.14.0, pytest-9.0.2, pluggy-1.6.0
rootdir: D:\SEM 6\shitt\cursor\pharmguard-ai
plugins: anyio-4.11.0, langsmith-0.6.4
collected 6 items

tests\test_end_to_end.py ......                                          [100%]

============================== warnings summary ===============================
backend\app\schema.py:36
  D:\SEM 6\shitt\cursor\pharmguard-ai\backend\app\schema.py:36: PydanticDeprecatedSince20: Support for class-based `config` is deprecated, use ConfigDict instead. Deprecated in Pydantic V2.0 to be removed in V3.0. See Pydantic V2 Migration Guide at https://errors.pydantic.dev/2.12/migration/
    class OrderResponse(BaseModel):

C:\Users\RAHIL\AppData\Local\Programs\Python\Python314\Lib\site-packages\confection\__init__.py:38
  C:\Users\RAHIL\AppData\Local\Programs\Python\Python314\Lib\site-packages\confection\__init__.py:38: UserWarning: Core Pydantic V1 functionality isn't compatible with Python 3.14 or greater.
    from pydantic.v1 import BaseModel, Extra, ValidationError, create_model

tests/test_end_to_end.py: 10 warnings
  C:\Users\RAHIL\AppData\Local\Programs\Python\Python314\Lib\site-packages\sqlalchemy\sql\schema.py:3624: DeprecationWarning: datetime.datetime.utcnow() is deprecated and scheduled for removal in a future version. Use timezone-aware objects to represent datetimes in UTC: datetime.datetime.now(datetime.UTC).
    return util.wrap_callable(lambda ctx: fn(), fn)  # type: ignore

tests/test_end_to_end.py::test_converse_auto_approve
tests/test_end_to_end.py::test_converse_require_prescription
tests/test_end_to_end.py::test_trace_get
  D:\SEM 6\shitt\cursor\pharmguard-ai\backend\app\services\observability.py:46: DeprecationWarning: datetime.datetime.utcnow() is deprecated and scheduled for removal in a future version. Use timezone-aware objects to represent datetimes in UTC: datetime.datetime.now(datetime.UTC).
    trace_obj["timestamp"] = datetime.utcnow().isoformat()

-- Docs: https://docs.pytest.org/en/stable/how-to/capture-warnings.html
======================= 6 passed, 15 warnings in 10.13s =======================
